images/val/11000.jpg	annotations/val/11000.png
images/val/11001.jpg	annotations/val/11001.png
images/val/11002.jpg	annotations/val/11002.png
images/val/11003.jpg	annotations/val/11003.png
images/val/11004.jpg	annotations/val/11004.png
images/val/11005.jpg	annotations/val/11005.png
images/val/11006.jpg	annotations/val/11006.png
images/val/11007.jpg	annotations/val/11007.png
images/val/11008.jpg	annotations/val/11008.png
images/val/11009.jpg	annotations/val/11009.png
images/val/11010.jpg	annotations/val/11010.png
images/val/11011.jpg	annotations/val/11011.png
images/val/11012.jpg	annotations/val/11012.png
images/val/11013.jpg	annotations/val/11013.png
images/val/11014.jpg	annotations/val/11014.png
images/val/11015.jpg	annotations/val/11015.png
images/val/11016.jpg	annotations/val/11016.png
images/val/11017.jpg	annotations/val/11017.png
images/val/11018.jpg	annotations/val/11018.png
images/val/11019.jpg	annotations/val/11019.png
images/val/11020.jpg	annotations/val/11020.png
images/val/11021.jpg	annotations/val/11021.png
images/val/11022.jpg	annotations/val/11022.png
images/val/11023.jpg	annotations/val/11023.png
images/val/11024.jpg	annotations/val/11024.png
images/val/11025.jpg	annotations/val/11025.png
images/val/11026.jpg	annotations/val/11026.png
images/val/11027.jpg	annotations/val/11027.png
images/val/11028.jpg	annotations/val/11028.png
images/val/11029.jpg	annotations/val/11029.png
images/val/11030.jpg	annotations/val/11030.png
images/val/11031.jpg	annotations/val/11031.png
images/val/11032.jpg	annotations/val/11032.png
images/val/11033.jpg	annotations/val/11033.png
images/val/11034.jpg	annotations/val/11034.png
images/val/11035.jpg	annotations/val/11035.png
images/val/11036.jpg	annotations/val/11036.png
images/val/11037.jpg	annotations/val/11037.png
images/val/11038.jpg	annotations/val/11038.png
images/val/11039.jpg	annotations/val/11039.png
images/val/11040.jpg	annotations/val/11040.png
images/val/11041.jpg	annotations/val/11041.png
images/val/11042.jpg	annotations/val/11042.png
images/val/11043.jpg	annotations/val/11043.png
images/val/11044.jpg	annotations/val/11044.png
images/val/11045.jpg	annotations/val/11045.png
images/val/11046.jpg	annotations/val/11046.png
images/val/11047.jpg	annotations/val/11047.png
images/val/11048.jpg	annotations/val/11048.png
images/val/11049.jpg	annotations/val/11049.png
images/val/11050.jpg	annotations/val/11050.png
images/val/11051.jpg	annotations/val/11051.png
images/val/11052.jpg	annotations/val/11052.png
images/val/11053.jpg	annotations/val/11053.png
images/val/11054.jpg	annotations/val/11054.png
images/val/11055.jpg	annotations/val/11055.png
images/val/11056.jpg	annotations/val/11056.png
images/val/11057.jpg	annotations/val/11057.png
images/val/11058.jpg	annotations/val/11058.png
images/val/11059.jpg	annotations/val/11059.png
images/val/11060.jpg	annotations/val/11060.png
images/val/11061.jpg	annotations/val/11061.png
images/val/11062.jpg	annotations/val/11062.png
images/val/11063.jpg	annotations/val/11063.png
images/val/11064.jpg	annotations/val/11064.png
images/val/11065.jpg	annotations/val/11065.png
images/val/11066.jpg	annotations/val/11066.png
images/val/11067.jpg	annotations/val/11067.png
images/val/11068.jpg	annotations/val/11068.png
images/val/11069.jpg	annotations/val/11069.png
images/val/11070.jpg	annotations/val/11070.png
images/val/11071.jpg	annotations/val/11071.png
images/val/11072.jpg	annotations/val/11072.png
images/val/11073.jpg	annotations/val/11073.png
images/val/11074.jpg	annotations/val/11074.png
images/val/11075.jpg	annotations/val/11075.png
images/val/11076.jpg	annotations/val/11076.png
images/val/11077.jpg	annotations/val/11077.png
images/val/11078.jpg	annotations/val/11078.png
images/val/11079.jpg	annotations/val/11079.png
images/val/11080.jpg	annotations/val/11080.png
images/val/11081.jpg	annotations/val/11081.png
images/val/11082.jpg	annotations/val/11082.png
images/val/11083.jpg	annotations/val/11083.png
images/val/11084.jpg	annotations/val/11084.png
images/val/11085.jpg	annotations/val/11085.png
images/val/11086.jpg	annotations/val/11086.png
images/val/11087.jpg	annotations/val/11087.png
images/val/11088.jpg	annotations/val/11088.png
images/val/11089.jpg	annotations/val/11089.png
images/val/11090.jpg	annotations/val/11090.png
images/val/11091.jpg	annotations/val/11091.png
images/val/11092.jpg	annotations/val/11092.png
images/val/11093.jpg	annotations/val/11093.png
images/val/11094.jpg	annotations/val/11094.png
images/val/11095.jpg	annotations/val/11095.png
images/val/11096.jpg	annotations/val/11096.png
images/val/11097.jpg	annotations/val/11097.png
images/val/11098.jpg	annotations/val/11098.png
images/val/11099.jpg	annotations/val/11099.png
images/val/11100.jpg	annotations/val/11100.png
images/val/11101.jpg	annotations/val/11101.png
images/val/11102.jpg	annotations/val/11102.png
images/val/11103.jpg	annotations/val/11103.png
images/val/11104.jpg	annotations/val/11104.png
images/val/11105.jpg	annotations/val/11105.png
images/val/11106.jpg	annotations/val/11106.png
images/val/11107.jpg	annotations/val/11107.png
images/val/11108.jpg	annotations/val/11108.png
images/val/11109.jpg	annotations/val/11109.png
images/val/11110.jpg	annotations/val/11110.png
images/val/11111.jpg	annotations/val/11111.png
images/val/11112.jpg	annotations/val/11112.png
images/val/11113.jpg	annotations/val/11113.png
images/val/11114.jpg	annotations/val/11114.png
images/val/11115.jpg	annotations/val/11115.png
images/val/11116.jpg	annotations/val/11116.png
images/val/11117.jpg	annotations/val/11117.png
images/val/11118.jpg	annotations/val/11118.png
images/val/11119.jpg	annotations/val/11119.png
images/val/11120.jpg	annotations/val/11120.png
images/val/11121.jpg	annotations/val/11121.png
images/val/11122.jpg	annotations/val/11122.png
images/val/11123.jpg	annotations/val/11123.png
images/val/11124.jpg	annotations/val/11124.png
images/val/11125.jpg	annotations/val/11125.png
images/val/11126.jpg	annotations/val/11126.png
images/val/11127.jpg	annotations/val/11127.png
images/val/11128.jpg	annotations/val/11128.png
images/val/11129.jpg	annotations/val/11129.png
images/val/11130.jpg	annotations/val/11130.png
images/val/11131.jpg	annotations/val/11131.png
images/val/11132.jpg	annotations/val/11132.png
images/val/11133.jpg	annotations/val/11133.png
images/val/11134.jpg	annotations/val/11134.png
images/val/11135.jpg	annotations/val/11135.png
images/val/11136.jpg	annotations/val/11136.png
images/val/11137.jpg	annotations/val/11137.png
images/val/11138.jpg	annotations/val/11138.png
images/val/11139.jpg	annotations/val/11139.png
images/val/11140.jpg	annotations/val/11140.png
images/val/11141.jpg	annotations/val/11141.png
images/val/11142.jpg	annotations/val/11142.png
images/val/11143.jpg	annotations/val/11143.png
images/val/11144.jpg	annotations/val/11144.png
images/val/11145.jpg	annotations/val/11145.png
images/val/11146.jpg	annotations/val/11146.png
images/val/11147.jpg	annotations/val/11147.png
images/val/11148.jpg	annotations/val/11148.png
images/val/11149.jpg	annotations/val/11149.png
images/val/11150.jpg	annotations/val/11150.png
images/val/11151.jpg	annotations/val/11151.png
images/val/11152.jpg	annotations/val/11152.png
images/val/11153.jpg	annotations/val/11153.png
images/val/11154.jpg	annotations/val/11154.png
images/val/11155.jpg	annotations/val/11155.png
images/val/11156.jpg	annotations/val/11156.png
images/val/11157.jpg	annotations/val/11157.png
images/val/11158.jpg	annotations/val/11158.png
images/val/11159.jpg	annotations/val/11159.png
images/val/11160.jpg	annotations/val/11160.png
images/val/11161.jpg	annotations/val/11161.png
images/val/11162.jpg	annotations/val/11162.png
images/val/11163.jpg	annotations/val/11163.png
images/val/11164.jpg	annotations/val/11164.png
images/val/11165.jpg	annotations/val/11165.png
images/val/11166.jpg	annotations/val/11166.png
images/val/11167.jpg	annotations/val/11167.png
images/val/11168.jpg	annotations/val/11168.png
images/val/11169.jpg	annotations/val/11169.png
images/val/11170.jpg	annotations/val/11170.png
images/val/11171.jpg	annotations/val/11171.png
images/val/11172.jpg	annotations/val/11172.png
images/val/11173.jpg	annotations/val/11173.png
images/val/11174.jpg	annotations/val/11174.png
images/val/11175.jpg	annotations/val/11175.png
images/val/11176.jpg	annotations/val/11176.png
images/val/11177.jpg	annotations/val/11177.png
images/val/11178.jpg	annotations/val/11178.png
images/val/11179.jpg	annotations/val/11179.png
images/val/11180.jpg	annotations/val/11180.png
images/val/11181.jpg	annotations/val/11181.png
images/val/11182.jpg	annotations/val/11182.png
images/val/11183.jpg	annotations/val/11183.png
images/val/11184.jpg	annotations/val/11184.png
images/val/11185.jpg	annotations/val/11185.png
images/val/11186.jpg	annotations/val/11186.png
images/val/11187.jpg	annotations/val/11187.png
images/val/11188.jpg	annotations/val/11188.png
images/val/11189.jpg	annotations/val/11189.png
images/val/11190.jpg	annotations/val/11190.png
images/val/11191.jpg	annotations/val/11191.png
images/val/11192.jpg	annotations/val/11192.png
images/val/11193.jpg	annotations/val/11193.png
images/val/11194.jpg	annotations/val/11194.png
images/val/11195.jpg	annotations/val/11195.png
images/val/11196.jpg	annotations/val/11196.png
images/val/11197.jpg	annotations/val/11197.png
images/val/11198.jpg	annotations/val/11198.png
images/val/11199.jpg	annotations/val/11199.png
images/val/11200.jpg	annotations/val/11200.png
images/val/11201.jpg	annotations/val/11201.png
images/val/11202.jpg	annotations/val/11202.png
images/val/11203.jpg	annotations/val/11203.png
images/val/11204.jpg	annotations/val/11204.png
images/val/11205.jpg	annotations/val/11205.png
images/val/11206.jpg	annotations/val/11206.png
images/val/11207.jpg	annotations/val/11207.png
images/val/11208.jpg	annotations/val/11208.png
images/val/11209.jpg	annotations/val/11209.png
images/val/11210.jpg	annotations/val/11210.png
images/val/11211.jpg	annotations/val/11211.png
images/val/11212.jpg	annotations/val/11212.png
images/val/11213.jpg	annotations/val/11213.png
images/val/11214.jpg	annotations/val/11214.png
images/val/11215.jpg	annotations/val/11215.png
images/val/11216.jpg	annotations/val/11216.png
images/val/11217.jpg	annotations/val/11217.png
images/val/11218.jpg	annotations/val/11218.png
images/val/11219.jpg	annotations/val/11219.png
images/val/11220.jpg	annotations/val/11220.png
images/val/11221.jpg	annotations/val/11221.png
images/val/11222.jpg	annotations/val/11222.png
images/val/11223.jpg	annotations/val/11223.png
images/val/11224.jpg	annotations/val/11224.png
images/val/11225.jpg	annotations/val/11225.png
images/val/11226.jpg	annotations/val/11226.png
images/val/11227.jpg	annotations/val/11227.png
images/val/11228.jpg	annotations/val/11228.png
images/val/11229.jpg	annotations/val/11229.png
images/val/11230.jpg	annotations/val/11230.png
images/val/11231.jpg	annotations/val/11231.png
images/val/11232.jpg	annotations/val/11232.png
images/val/11233.jpg	annotations/val/11233.png
images/val/11234.jpg	annotations/val/11234.png
images/val/11235.jpg	annotations/val/11235.png
images/val/11236.jpg	annotations/val/11236.png
images/val/11237.jpg	annotations/val/11237.png
images/val/11238.jpg	annotations/val/11238.png
images/val/11239.jpg	annotations/val/11239.png
images/val/11240.jpg	annotations/val/11240.png
images/val/11241.jpg	annotations/val/11241.png
images/val/11242.jpg	annotations/val/11242.png
images/val/11243.jpg	annotations/val/11243.png
images/val/11244.jpg	annotations/val/11244.png
images/val/11245.jpg	annotations/val/11245.png
images/val/11246.jpg	annotations/val/11246.png
images/val/11247.jpg	annotations/val/11247.png
images/val/11248.jpg	annotations/val/11248.png
images/val/11249.jpg	annotations/val/11249.png
images/val/11250.jpg	annotations/val/11250.png
images/val/11251.jpg	annotations/val/11251.png
images/val/11252.jpg	annotations/val/11252.png
images/val/11253.jpg	annotations/val/11253.png
images/val/11254.jpg	annotations/val/11254.png
images/val/11255.jpg	annotations/val/11255.png
images/val/11256.jpg	annotations/val/11256.png
images/val/11257.jpg	annotations/val/11257.png
images/val/11258.jpg	annotations/val/11258.png
images/val/11259.jpg	annotations/val/11259.png
images/val/11260.jpg	annotations/val/11260.png
images/val/11261.jpg	annotations/val/11261.png
images/val/11262.jpg	annotations/val/11262.png
images/val/11263.jpg	annotations/val/11263.png
images/val/11264.jpg	annotations/val/11264.png
images/val/11265.jpg	annotations/val/11265.png
images/val/11266.jpg	annotations/val/11266.png
images/val/11267.jpg	annotations/val/11267.png
images/val/11268.jpg	annotations/val/11268.png
images/val/11269.jpg	annotations/val/11269.png
images/val/11270.jpg	annotations/val/11270.png
images/val/11271.jpg	annotations/val/11271.png
images/val/11272.jpg	annotations/val/11272.png
images/val/11273.jpg	annotations/val/11273.png
images/val/11274.jpg	annotations/val/11274.png
images/val/11275.jpg	annotations/val/11275.png
images/val/11276.jpg	annotations/val/11276.png
images/val/11277.jpg	annotations/val/11277.png
images/val/11278.jpg	annotations/val/11278.png
images/val/11279.jpg	annotations/val/11279.png
images/val/11280.jpg	annotations/val/11280.png
images/val/11281.jpg	annotations/val/11281.png
images/val/11282.jpg	annotations/val/11282.png
images/val/11283.jpg	annotations/val/11283.png
images/val/11284.jpg	annotations/val/11284.png
images/val/11285.jpg	annotations/val/11285.png
images/val/11286.jpg	annotations/val/11286.png
images/val/11287.jpg	annotations/val/11287.png
images/val/11288.jpg	annotations/val/11288.png
images/val/11289.jpg	annotations/val/11289.png
images/val/11290.jpg	annotations/val/11290.png
images/val/11291.jpg	annotations/val/11291.png
images/val/11292.jpg	annotations/val/11292.png
images/val/11293.jpg	annotations/val/11293.png
images/val/11294.jpg	annotations/val/11294.png
images/val/11295.jpg	annotations/val/11295.png
images/val/11296.jpg	annotations/val/11296.png
images/val/11297.jpg	annotations/val/11297.png
images/val/11298.jpg	annotations/val/11298.png
images/val/11299.jpg	annotations/val/11299.png
images/val/11300.jpg	annotations/val/11300.png
images/val/11301.jpg	annotations/val/11301.png
images/val/11302.jpg	annotations/val/11302.png
images/val/11303.jpg	annotations/val/11303.png
images/val/11304.jpg	annotations/val/11304.png
images/val/11305.jpg	annotations/val/11305.png
images/val/11306.jpg	annotations/val/11306.png
images/val/11307.jpg	annotations/val/11307.png
images/val/11308.jpg	annotations/val/11308.png
images/val/11309.jpg	annotations/val/11309.png
images/val/11310.jpg	annotations/val/11310.png
images/val/11311.jpg	annotations/val/11311.png
images/val/11312.jpg	annotations/val/11312.png
images/val/11313.jpg	annotations/val/11313.png
images/val/11314.jpg	annotations/val/11314.png
images/val/11315.jpg	annotations/val/11315.png
images/val/11316.jpg	annotations/val/11316.png
images/val/11317.jpg	annotations/val/11317.png
images/val/11318.jpg	annotations/val/11318.png
images/val/11319.jpg	annotations/val/11319.png
images/val/11320.jpg	annotations/val/11320.png
images/val/11321.jpg	annotations/val/11321.png
images/val/11322.jpg	annotations/val/11322.png
images/val/11323.jpg	annotations/val/11323.png
images/val/11324.jpg	annotations/val/11324.png
images/val/11325.jpg	annotations/val/11325.png
images/val/11326.jpg	annotations/val/11326.png
images/val/11327.jpg	annotations/val/11327.png
images/val/11328.jpg	annotations/val/11328.png
images/val/11329.jpg	annotations/val/11329.png
images/val/11330.jpg	annotations/val/11330.png
images/val/11331.jpg	annotations/val/11331.png
images/val/11332.jpg	annotations/val/11332.png
images/val/11333.jpg	annotations/val/11333.png
images/val/11334.jpg	annotations/val/11334.png
images/val/11335.jpg	annotations/val/11335.png
images/val/11336.jpg	annotations/val/11336.png
images/val/11337.jpg	annotations/val/11337.png
images/val/11338.jpg	annotations/val/11338.png
images/val/11339.jpg	annotations/val/11339.png
images/val/11340.jpg	annotations/val/11340.png
images/val/11341.jpg	annotations/val/11341.png
images/val/11342.jpg	annotations/val/11342.png
images/val/11343.jpg	annotations/val/11343.png
images/val/11344.jpg	annotations/val/11344.png
images/val/11345.jpg	annotations/val/11345.png
images/val/11346.jpg	annotations/val/11346.png
images/val/11347.jpg	annotations/val/11347.png
images/val/11348.jpg	annotations/val/11348.png
images/val/11349.jpg	annotations/val/11349.png
images/val/11350.jpg	annotations/val/11350.png
images/val/11351.jpg	annotations/val/11351.png
images/val/11352.jpg	annotations/val/11352.png
images/val/11353.jpg	annotations/val/11353.png
images/val/11354.jpg	annotations/val/11354.png
images/val/11355.jpg	annotations/val/11355.png
images/val/11356.jpg	annotations/val/11356.png
images/val/11357.jpg	annotations/val/11357.png
images/val/11358.jpg	annotations/val/11358.png
images/val/11359.jpg	annotations/val/11359.png
images/val/11360.jpg	annotations/val/11360.png
images/val/11361.jpg	annotations/val/11361.png
images/val/11362.jpg	annotations/val/11362.png
images/val/11363.jpg	annotations/val/11363.png
images/val/11364.jpg	annotations/val/11364.png
images/val/11365.jpg	annotations/val/11365.png
images/val/11366.jpg	annotations/val/11366.png
images/val/11367.jpg	annotations/val/11367.png
images/val/11368.jpg	annotations/val/11368.png
images/val/11369.jpg	annotations/val/11369.png
images/val/11370.jpg	annotations/val/11370.png
images/val/11371.jpg	annotations/val/11371.png
images/val/11372.jpg	annotations/val/11372.png
images/val/11373.jpg	annotations/val/11373.png
images/val/11374.jpg	annotations/val/11374.png
images/val/11375.jpg	annotations/val/11375.png
images/val/11376.jpg	annotations/val/11376.png
images/val/11377.jpg	annotations/val/11377.png
images/val/11378.jpg	annotations/val/11378.png
images/val/11379.jpg	annotations/val/11379.png
images/val/11380.jpg	annotations/val/11380.png
images/val/11381.jpg	annotations/val/11381.png
images/val/11382.jpg	annotations/val/11382.png
images/val/11383.jpg	annotations/val/11383.png
images/val/11384.jpg	annotations/val/11384.png
images/val/11385.jpg	annotations/val/11385.png
images/val/11386.jpg	annotations/val/11386.png
images/val/11387.jpg	annotations/val/11387.png
images/val/11388.jpg	annotations/val/11388.png
images/val/11389.jpg	annotations/val/11389.png
images/val/11390.jpg	annotations/val/11390.png
images/val/11391.jpg	annotations/val/11391.png
images/val/11392.jpg	annotations/val/11392.png
images/val/11393.jpg	annotations/val/11393.png
images/val/11394.jpg	annotations/val/11394.png
images/val/11395.jpg	annotations/val/11395.png
images/val/11396.jpg	annotations/val/11396.png
images/val/11397.jpg	annotations/val/11397.png
images/val/11398.jpg	annotations/val/11398.png
images/val/11399.jpg	annotations/val/11399.png
images/val/11400.jpg	annotations/val/11400.png
images/val/11401.jpg	annotations/val/11401.png
images/val/11402.jpg	annotations/val/11402.png
images/val/11403.jpg	annotations/val/11403.png
images/val/11404.jpg	annotations/val/11404.png
images/val/11405.jpg	annotations/val/11405.png
images/val/11406.jpg	annotations/val/11406.png
images/val/11407.jpg	annotations/val/11407.png
images/val/11408.jpg	annotations/val/11408.png
images/val/11409.jpg	annotations/val/11409.png
images/val/11410.jpg	annotations/val/11410.png
images/val/11411.jpg	annotations/val/11411.png
images/val/11412.jpg	annotations/val/11412.png
images/val/11413.jpg	annotations/val/11413.png
images/val/11414.jpg	annotations/val/11414.png
images/val/11415.jpg	annotations/val/11415.png
images/val/11416.jpg	annotations/val/11416.png
images/val/11417.jpg	annotations/val/11417.png
images/val/11418.jpg	annotations/val/11418.png
images/val/11419.jpg	annotations/val/11419.png
images/val/11420.jpg	annotations/val/11420.png
images/val/11421.jpg	annotations/val/11421.png
images/val/11422.jpg	annotations/val/11422.png
images/val/11423.jpg	annotations/val/11423.png
images/val/11424.jpg	annotations/val/11424.png
images/val/11425.jpg	annotations/val/11425.png
images/val/11426.jpg	annotations/val/11426.png
images/val/11427.jpg	annotations/val/11427.png
images/val/11428.jpg	annotations/val/11428.png
images/val/11429.jpg	annotations/val/11429.png
images/val/11430.jpg	annotations/val/11430.png
images/val/11431.jpg	annotations/val/11431.png
images/val/11432.jpg	annotations/val/11432.png
images/val/11433.jpg	annotations/val/11433.png
images/val/11434.jpg	annotations/val/11434.png
images/val/11435.jpg	annotations/val/11435.png
images/val/11436.jpg	annotations/val/11436.png
images/val/11437.jpg	annotations/val/11437.png
images/val/11438.jpg	annotations/val/11438.png
images/val/11439.jpg	annotations/val/11439.png
images/val/11440.jpg	annotations/val/11440.png
images/val/11441.jpg	annotations/val/11441.png
images/val/11442.jpg	annotations/val/11442.png
images/val/11443.jpg	annotations/val/11443.png
images/val/11444.jpg	annotations/val/11444.png
images/val/11445.jpg	annotations/val/11445.png
images/val/11446.jpg	annotations/val/11446.png
images/val/11447.jpg	annotations/val/11447.png
images/val/11448.jpg	annotations/val/11448.png
images/val/11449.jpg	annotations/val/11449.png
images/val/11450.jpg	annotations/val/11450.png
images/val/11451.jpg	annotations/val/11451.png
images/val/11452.jpg	annotations/val/11452.png
images/val/11453.jpg	annotations/val/11453.png
images/val/11454.jpg	annotations/val/11454.png
images/val/11455.jpg	annotations/val/11455.png
images/val/11456.jpg	annotations/val/11456.png
images/val/11457.jpg	annotations/val/11457.png
images/val/11458.jpg	annotations/val/11458.png
images/val/11459.jpg	annotations/val/11459.png
images/val/11460.jpg	annotations/val/11460.png
images/val/11461.jpg	annotations/val/11461.png
images/val/11462.jpg	annotations/val/11462.png
images/val/11463.jpg	annotations/val/11463.png
images/val/11464.jpg	annotations/val/11464.png
images/val/11465.jpg	annotations/val/11465.png
images/val/11466.jpg	annotations/val/11466.png
images/val/11467.jpg	annotations/val/11467.png
images/val/11468.jpg	annotations/val/11468.png
images/val/11469.jpg	annotations/val/11469.png
images/val/11470.jpg	annotations/val/11470.png
images/val/11471.jpg	annotations/val/11471.png
images/val/11472.jpg	annotations/val/11472.png
images/val/11473.jpg	annotations/val/11473.png
images/val/11474.jpg	annotations/val/11474.png
images/val/11475.jpg	annotations/val/11475.png
images/val/11476.jpg	annotations/val/11476.png
images/val/11477.jpg	annotations/val/11477.png
images/val/11478.jpg	annotations/val/11478.png
images/val/11479.jpg	annotations/val/11479.png
images/val/11480.jpg	annotations/val/11480.png
images/val/11481.jpg	annotations/val/11481.png
images/val/11482.jpg	annotations/val/11482.png
images/val/11483.jpg	annotations/val/11483.png
images/val/11484.jpg	annotations/val/11484.png
images/val/11485.jpg	annotations/val/11485.png
images/val/11486.jpg	annotations/val/11486.png
images/val/11487.jpg	annotations/val/11487.png
images/val/11488.jpg	annotations/val/11488.png
images/val/11489.jpg	annotations/val/11489.png
images/val/11490.jpg	annotations/val/11490.png
images/val/11491.jpg	annotations/val/11491.png
images/val/11492.jpg	annotations/val/11492.png
images/val/11493.jpg	annotations/val/11493.png
images/val/11494.jpg	annotations/val/11494.png
images/val/11495.jpg	annotations/val/11495.png
images/val/11496.jpg	annotations/val/11496.png
images/val/11497.jpg	annotations/val/11497.png
images/val/11498.jpg	annotations/val/11498.png
images/val/11499.jpg	annotations/val/11499.png
images/val/11500.jpg	annotations/val/11500.png
images/val/11501.jpg	annotations/val/11501.png
images/val/11502.jpg	annotations/val/11502.png
images/val/11503.jpg	annotations/val/11503.png
images/val/11504.jpg	annotations/val/11504.png
images/val/11505.jpg	annotations/val/11505.png
images/val/11506.jpg	annotations/val/11506.png
images/val/11507.jpg	annotations/val/11507.png
images/val/11508.jpg	annotations/val/11508.png
images/val/11509.jpg	annotations/val/11509.png
images/val/11510.jpg	annotations/val/11510.png
images/val/11511.jpg	annotations/val/11511.png
images/val/11512.jpg	annotations/val/11512.png
images/val/11513.jpg	annotations/val/11513.png
images/val/11514.jpg	annotations/val/11514.png
images/val/11515.jpg	annotations/val/11515.png
images/val/11516.jpg	annotations/val/11516.png
images/val/11517.jpg	annotations/val/11517.png
images/val/11518.jpg	annotations/val/11518.png
images/val/11519.jpg	annotations/val/11519.png
images/val/11520.jpg	annotations/val/11520.png
images/val/11521.jpg	annotations/val/11521.png
images/val/11522.jpg	annotations/val/11522.png
images/val/11523.jpg	annotations/val/11523.png
images/val/11524.jpg	annotations/val/11524.png
images/val/11525.jpg	annotations/val/11525.png
images/val/11526.jpg	annotations/val/11526.png
images/val/11527.jpg	annotations/val/11527.png
images/val/11528.jpg	annotations/val/11528.png
images/val/11529.jpg	annotations/val/11529.png
images/val/11530.jpg	annotations/val/11530.png
images/val/11531.jpg	annotations/val/11531.png
images/val/11532.jpg	annotations/val/11532.png
images/val/11533.jpg	annotations/val/11533.png
images/val/11534.jpg	annotations/val/11534.png
images/val/11535.jpg	annotations/val/11535.png
images/val/11536.jpg	annotations/val/11536.png
images/val/11537.jpg	annotations/val/11537.png
images/val/11538.jpg	annotations/val/11538.png
images/val/11539.jpg	annotations/val/11539.png
images/val/11540.jpg	annotations/val/11540.png
images/val/11541.jpg	annotations/val/11541.png
images/val/11542.jpg	annotations/val/11542.png
images/val/11543.jpg	annotations/val/11543.png
images/val/11544.jpg	annotations/val/11544.png
images/val/11545.jpg	annotations/val/11545.png
images/val/11546.jpg	annotations/val/11546.png
images/val/11547.jpg	annotations/val/11547.png
images/val/11548.jpg	annotations/val/11548.png
images/val/11549.jpg	annotations/val/11549.png
images/val/11550.jpg	annotations/val/11550.png
images/val/11551.jpg	annotations/val/11551.png
images/val/11552.jpg	annotations/val/11552.png
images/val/11553.jpg	annotations/val/11553.png
images/val/11554.jpg	annotations/val/11554.png
images/val/11555.jpg	annotations/val/11555.png
images/val/11556.jpg	annotations/val/11556.png
images/val/11557.jpg	annotations/val/11557.png
images/val/11558.jpg	annotations/val/11558.png
images/val/11559.jpg	annotations/val/11559.png
images/val/11560.jpg	annotations/val/11560.png
images/val/11561.jpg	annotations/val/11561.png
images/val/11562.jpg	annotations/val/11562.png
images/val/11563.jpg	annotations/val/11563.png
images/val/11564.jpg	annotations/val/11564.png
images/val/11565.jpg	annotations/val/11565.png
images/val/11566.jpg	annotations/val/11566.png
images/val/11567.jpg	annotations/val/11567.png
images/val/11568.jpg	annotations/val/11568.png
images/val/11569.jpg	annotations/val/11569.png
images/val/11570.jpg	annotations/val/11570.png
images/val/11571.jpg	annotations/val/11571.png
images/val/11572.jpg	annotations/val/11572.png
images/val/11573.jpg	annotations/val/11573.png
images/val/11574.jpg	annotations/val/11574.png
images/val/11575.jpg	annotations/val/11575.png
images/val/11576.jpg	annotations/val/11576.png
images/val/11577.jpg	annotations/val/11577.png
images/val/11578.jpg	annotations/val/11578.png
images/val/11579.jpg	annotations/val/11579.png
images/val/11580.jpg	annotations/val/11580.png
images/val/11581.jpg	annotations/val/11581.png
images/val/11582.jpg	annotations/val/11582.png
images/val/11583.jpg	annotations/val/11583.png
images/val/11584.jpg	annotations/val/11584.png
images/val/11585.jpg	annotations/val/11585.png
images/val/11586.jpg	annotations/val/11586.png
images/val/11587.jpg	annotations/val/11587.png
images/val/11588.jpg	annotations/val/11588.png
images/val/11589.jpg	annotations/val/11589.png
images/val/11590.jpg	annotations/val/11590.png
images/val/11591.jpg	annotations/val/11591.png
images/val/11592.jpg	annotations/val/11592.png
images/val/11593.jpg	annotations/val/11593.png
images/val/11594.jpg	annotations/val/11594.png
images/val/11595.jpg	annotations/val/11595.png
images/val/11596.jpg	annotations/val/11596.png
images/val/11597.jpg	annotations/val/11597.png
images/val/11598.jpg	annotations/val/11598.png
images/val/11599.jpg	annotations/val/11599.png
images/val/11600.jpg	annotations/val/11600.png
images/val/11601.jpg	annotations/val/11601.png
images/val/11602.jpg	annotations/val/11602.png
images/val/11603.jpg	annotations/val/11603.png
images/val/11604.jpg	annotations/val/11604.png
images/val/11605.jpg	annotations/val/11605.png
images/val/11606.jpg	annotations/val/11606.png
images/val/11607.jpg	annotations/val/11607.png
images/val/11608.jpg	annotations/val/11608.png
images/val/11609.jpg	annotations/val/11609.png
images/val/11610.jpg	annotations/val/11610.png
images/val/11611.jpg	annotations/val/11611.png
images/val/11612.jpg	annotations/val/11612.png
images/val/11613.jpg	annotations/val/11613.png
images/val/11614.jpg	annotations/val/11614.png
images/val/11615.jpg	annotations/val/11615.png
images/val/11616.jpg	annotations/val/11616.png
images/val/11617.jpg	annotations/val/11617.png
images/val/11618.jpg	annotations/val/11618.png
images/val/11619.jpg	annotations/val/11619.png
images/val/11620.jpg	annotations/val/11620.png
images/val/11621.jpg	annotations/val/11621.png
images/val/11622.jpg	annotations/val/11622.png
images/val/11623.jpg	annotations/val/11623.png
images/val/11624.jpg	annotations/val/11624.png
images/val/11625.jpg	annotations/val/11625.png
images/val/11626.jpg	annotations/val/11626.png
images/val/11627.jpg	annotations/val/11627.png
images/val/11628.jpg	annotations/val/11628.png
images/val/11629.jpg	annotations/val/11629.png
images/val/11630.jpg	annotations/val/11630.png
images/val/11631.jpg	annotations/val/11631.png
images/val/11632.jpg	annotations/val/11632.png
images/val/11633.jpg	annotations/val/11633.png
images/val/11634.jpg	annotations/val/11634.png
images/val/11635.jpg	annotations/val/11635.png
images/val/11636.jpg	annotations/val/11636.png
images/val/11637.jpg	annotations/val/11637.png
images/val/11638.jpg	annotations/val/11638.png
images/val/11639.jpg	annotations/val/11639.png
images/val/11640.jpg	annotations/val/11640.png
images/val/11641.jpg	annotations/val/11641.png
images/val/11642.jpg	annotations/val/11642.png
images/val/11643.jpg	annotations/val/11643.png
images/val/11644.jpg	annotations/val/11644.png
images/val/11645.jpg	annotations/val/11645.png
images/val/11646.jpg	annotations/val/11646.png
images/val/11647.jpg	annotations/val/11647.png
images/val/11648.jpg	annotations/val/11648.png
images/val/11649.jpg	annotations/val/11649.png
images/val/11650.jpg	annotations/val/11650.png
images/val/11651.jpg	annotations/val/11651.png
images/val/11652.jpg	annotations/val/11652.png
images/val/11653.jpg	annotations/val/11653.png
images/val/11654.jpg	annotations/val/11654.png
images/val/11655.jpg	annotations/val/11655.png
images/val/11656.jpg	annotations/val/11656.png
images/val/11657.jpg	annotations/val/11657.png
images/val/11658.jpg	annotations/val/11658.png
images/val/11659.jpg	annotations/val/11659.png
images/val/11660.jpg	annotations/val/11660.png
images/val/11661.jpg	annotations/val/11661.png
images/val/11662.jpg	annotations/val/11662.png
images/val/11663.jpg	annotations/val/11663.png
images/val/11664.jpg	annotations/val/11664.png
images/val/11665.jpg	annotations/val/11665.png
images/val/11666.jpg	annotations/val/11666.png
images/val/11667.jpg	annotations/val/11667.png
images/val/11668.jpg	annotations/val/11668.png
images/val/11669.jpg	annotations/val/11669.png
images/val/11670.jpg	annotations/val/11670.png
images/val/11671.jpg	annotations/val/11671.png
images/val/11672.jpg	annotations/val/11672.png
images/val/11673.jpg	annotations/val/11673.png
images/val/11674.jpg	annotations/val/11674.png
images/val/11675.jpg	annotations/val/11675.png
images/val/11676.jpg	annotations/val/11676.png
images/val/11677.jpg	annotations/val/11677.png
images/val/11678.jpg	annotations/val/11678.png
images/val/11679.jpg	annotations/val/11679.png
images/val/11680.jpg	annotations/val/11680.png
images/val/11681.jpg	annotations/val/11681.png
images/val/11682.jpg	annotations/val/11682.png
images/val/11683.jpg	annotations/val/11683.png
images/val/11684.jpg	annotations/val/11684.png
images/val/11685.jpg	annotations/val/11685.png
images/val/11686.jpg	annotations/val/11686.png
images/val/11687.jpg	annotations/val/11687.png
images/val/11688.jpg	annotations/val/11688.png
images/val/11689.jpg	annotations/val/11689.png
images/val/11690.jpg	annotations/val/11690.png
images/val/11691.jpg	annotations/val/11691.png
images/val/11692.jpg	annotations/val/11692.png
images/val/11693.jpg	annotations/val/11693.png
images/val/11694.jpg	annotations/val/11694.png
images/val/11695.jpg	annotations/val/11695.png
images/val/11696.jpg	annotations/val/11696.png
images/val/11697.jpg	annotations/val/11697.png
images/val/11698.jpg	annotations/val/11698.png
images/val/11699.jpg	annotations/val/11699.png
images/val/11700.jpg	annotations/val/11700.png
images/val/11701.jpg	annotations/val/11701.png
images/val/11702.jpg	annotations/val/11702.png
images/val/11703.jpg	annotations/val/11703.png
images/val/11704.jpg	annotations/val/11704.png
images/val/11705.jpg	annotations/val/11705.png
images/val/11706.jpg	annotations/val/11706.png
images/val/11707.jpg	annotations/val/11707.png
images/val/11708.jpg	annotations/val/11708.png
images/val/11709.jpg	annotations/val/11709.png
images/val/11710.jpg	annotations/val/11710.png
images/val/11711.jpg	annotations/val/11711.png
images/val/11712.jpg	annotations/val/11712.png
images/val/11713.jpg	annotations/val/11713.png
images/val/11714.jpg	annotations/val/11714.png
images/val/11715.jpg	annotations/val/11715.png
images/val/11716.jpg	annotations/val/11716.png
images/val/11717.jpg	annotations/val/11717.png
images/val/11718.jpg	annotations/val/11718.png
images/val/11719.jpg	annotations/val/11719.png
images/val/11720.jpg	annotations/val/11720.png
images/val/11721.jpg	annotations/val/11721.png
images/val/11722.jpg	annotations/val/11722.png
images/val/11723.jpg	annotations/val/11723.png
images/val/11724.jpg	annotations/val/11724.png
images/val/11725.jpg	annotations/val/11725.png
images/val/11726.jpg	annotations/val/11726.png
images/val/11727.jpg	annotations/val/11727.png
images/val/11728.jpg	annotations/val/11728.png
images/val/11729.jpg	annotations/val/11729.png
images/val/11730.jpg	annotations/val/11730.png
images/val/11731.jpg	annotations/val/11731.png
images/val/11732.jpg	annotations/val/11732.png
images/val/11733.jpg	annotations/val/11733.png
images/val/11734.jpg	annotations/val/11734.png
images/val/11735.jpg	annotations/val/11735.png
images/val/11736.jpg	annotations/val/11736.png
images/val/11737.jpg	annotations/val/11737.png
images/val/11738.jpg	annotations/val/11738.png
images/val/11739.jpg	annotations/val/11739.png
images/val/11740.jpg	annotations/val/11740.png
images/val/11741.jpg	annotations/val/11741.png
images/val/11742.jpg	annotations/val/11742.png
images/val/11743.jpg	annotations/val/11743.png
images/val/11744.jpg	annotations/val/11744.png
images/val/11745.jpg	annotations/val/11745.png
images/val/11746.jpg	annotations/val/11746.png
images/val/11747.jpg	annotations/val/11747.png
images/val/11748.jpg	annotations/val/11748.png
images/val/11749.jpg	annotations/val/11749.png
images/val/11750.jpg	annotations/val/11750.png
images/val/11751.jpg	annotations/val/11751.png
images/val/11752.jpg	annotations/val/11752.png
images/val/11753.jpg	annotations/val/11753.png
images/val/11754.jpg	annotations/val/11754.png
images/val/11755.jpg	annotations/val/11755.png
images/val/11756.jpg	annotations/val/11756.png
images/val/11757.jpg	annotations/val/11757.png
images/val/11758.jpg	annotations/val/11758.png
images/val/11759.jpg	annotations/val/11759.png
images/val/11760.jpg	annotations/val/11760.png
images/val/11761.jpg	annotations/val/11761.png
images/val/11762.jpg	annotations/val/11762.png
images/val/11763.jpg	annotations/val/11763.png
images/val/11764.jpg	annotations/val/11764.png
images/val/11765.jpg	annotations/val/11765.png
images/val/11766.jpg	annotations/val/11766.png
images/val/11767.jpg	annotations/val/11767.png
images/val/11768.jpg	annotations/val/11768.png
images/val/11769.jpg	annotations/val/11769.png
images/val/11770.jpg	annotations/val/11770.png
images/val/11771.jpg	annotations/val/11771.png
images/val/11772.jpg	annotations/val/11772.png
images/val/11773.jpg	annotations/val/11773.png
images/val/11774.jpg	annotations/val/11774.png
images/val/11775.jpg	annotations/val/11775.png
images/val/11776.jpg	annotations/val/11776.png
images/val/11777.jpg	annotations/val/11777.png
images/val/11778.jpg	annotations/val/11778.png
images/val/11779.jpg	annotations/val/11779.png
images/val/11780.jpg	annotations/val/11780.png
images/val/11781.jpg	annotations/val/11781.png
images/val/11782.jpg	annotations/val/11782.png
images/val/11783.jpg	annotations/val/11783.png
images/val/11784.jpg	annotations/val/11784.png
images/val/11785.jpg	annotations/val/11785.png
images/val/11786.jpg	annotations/val/11786.png
images/val/11787.jpg	annotations/val/11787.png
images/val/11788.jpg	annotations/val/11788.png
images/val/11789.jpg	annotations/val/11789.png
images/val/11790.jpg	annotations/val/11790.png
images/val/11791.jpg	annotations/val/11791.png
images/val/11792.jpg	annotations/val/11792.png
images/val/11793.jpg	annotations/val/11793.png
images/val/11794.jpg	annotations/val/11794.png
images/val/11795.jpg	annotations/val/11795.png
images/val/11796.jpg	annotations/val/11796.png
images/val/11797.jpg	annotations/val/11797.png
images/val/11798.jpg	annotations/val/11798.png
images/val/11799.jpg	annotations/val/11799.png
images/val/11800.jpg	annotations/val/11800.png
images/val/11801.jpg	annotations/val/11801.png
images/val/11802.jpg	annotations/val/11802.png
images/val/11803.jpg	annotations/val/11803.png
images/val/11804.jpg	annotations/val/11804.png
images/val/11805.jpg	annotations/val/11805.png
images/val/11806.jpg	annotations/val/11806.png
images/val/11807.jpg	annotations/val/11807.png
images/val/11808.jpg	annotations/val/11808.png
images/val/11809.jpg	annotations/val/11809.png
images/val/11810.jpg	annotations/val/11810.png
images/val/11811.jpg	annotations/val/11811.png
images/val/11812.jpg	annotations/val/11812.png
images/val/11813.jpg	annotations/val/11813.png
images/val/11814.jpg	annotations/val/11814.png
images/val/11815.jpg	annotations/val/11815.png
images/val/11816.jpg	annotations/val/11816.png
images/val/11817.jpg	annotations/val/11817.png
images/val/11818.jpg	annotations/val/11818.png
images/val/11819.jpg	annotations/val/11819.png
images/val/11820.jpg	annotations/val/11820.png
images/val/11821.jpg	annotations/val/11821.png
images/val/11822.jpg	annotations/val/11822.png
images/val/11823.jpg	annotations/val/11823.png
images/val/11824.jpg	annotations/val/11824.png
images/val/11825.jpg	annotations/val/11825.png
images/val/11826.jpg	annotations/val/11826.png
images/val/11827.jpg	annotations/val/11827.png
images/val/11828.jpg	annotations/val/11828.png
images/val/11829.jpg	annotations/val/11829.png
images/val/11830.jpg	annotations/val/11830.png
images/val/11831.jpg	annotations/val/11831.png
images/val/11832.jpg	annotations/val/11832.png
images/val/11833.jpg	annotations/val/11833.png
images/val/11834.jpg	annotations/val/11834.png
images/val/11835.jpg	annotations/val/11835.png
images/val/11836.jpg	annotations/val/11836.png
images/val/11837.jpg	annotations/val/11837.png
images/val/11838.jpg	annotations/val/11838.png
images/val/11839.jpg	annotations/val/11839.png
images/val/11840.jpg	annotations/val/11840.png
images/val/11841.jpg	annotations/val/11841.png
images/val/11842.jpg	annotations/val/11842.png
images/val/11843.jpg	annotations/val/11843.png
images/val/11844.jpg	annotations/val/11844.png
images/val/11845.jpg	annotations/val/11845.png
images/val/11846.jpg	annotations/val/11846.png
images/val/11847.jpg	annotations/val/11847.png
images/val/11848.jpg	annotations/val/11848.png
images/val/11849.jpg	annotations/val/11849.png
images/val/11850.jpg	annotations/val/11850.png
images/val/11851.jpg	annotations/val/11851.png
images/val/11852.jpg	annotations/val/11852.png
images/val/11853.jpg	annotations/val/11853.png
images/val/11854.jpg	annotations/val/11854.png
images/val/11855.jpg	annotations/val/11855.png
images/val/11856.jpg	annotations/val/11856.png
images/val/11857.jpg	annotations/val/11857.png
images/val/11858.jpg	annotations/val/11858.png
images/val/11859.jpg	annotations/val/11859.png
images/val/11860.jpg	annotations/val/11860.png
images/val/11861.jpg	annotations/val/11861.png
images/val/11862.jpg	annotations/val/11862.png
images/val/11863.jpg	annotations/val/11863.png
images/val/11864.jpg	annotations/val/11864.png
images/val/11865.jpg	annotations/val/11865.png
images/val/11866.jpg	annotations/val/11866.png
images/val/11867.jpg	annotations/val/11867.png
images/val/11868.jpg	annotations/val/11868.png
images/val/11869.jpg	annotations/val/11869.png
images/val/11870.jpg	annotations/val/11870.png
images/val/11871.jpg	annotations/val/11871.png
images/val/11872.jpg	annotations/val/11872.png
images/val/11873.jpg	annotations/val/11873.png
images/val/11874.jpg	annotations/val/11874.png
images/val/11875.jpg	annotations/val/11875.png
images/val/11876.jpg	annotations/val/11876.png
images/val/11877.jpg	annotations/val/11877.png
images/val/11878.jpg	annotations/val/11878.png
images/val/11879.jpg	annotations/val/11879.png
images/val/11880.jpg	annotations/val/11880.png
images/val/11881.jpg	annotations/val/11881.png
images/val/11882.jpg	annotations/val/11882.png
images/val/11883.jpg	annotations/val/11883.png
images/val/11884.jpg	annotations/val/11884.png
images/val/11885.jpg	annotations/val/11885.png
images/val/11886.jpg	annotations/val/11886.png
images/val/11887.jpg	annotations/val/11887.png
images/val/11888.jpg	annotations/val/11888.png
images/val/11889.jpg	annotations/val/11889.png
images/val/11890.jpg	annotations/val/11890.png
images/val/11891.jpg	annotations/val/11891.png
images/val/11892.jpg	annotations/val/11892.png
images/val/11893.jpg	annotations/val/11893.png
images/val/11894.jpg	annotations/val/11894.png
images/val/11895.jpg	annotations/val/11895.png
images/val/11896.jpg	annotations/val/11896.png
images/val/11897.jpg	annotations/val/11897.png
images/val/11898.jpg	annotations/val/11898.png
images/val/11899.jpg	annotations/val/11899.png
images/val/11900.jpg	annotations/val/11900.png
images/val/11901.jpg	annotations/val/11901.png
images/val/11902.jpg	annotations/val/11902.png
images/val/11903.jpg	annotations/val/11903.png
images/val/11904.jpg	annotations/val/11904.png
images/val/11905.jpg	annotations/val/11905.png
images/val/11906.jpg	annotations/val/11906.png
images/val/11907.jpg	annotations/val/11907.png
images/val/11908.jpg	annotations/val/11908.png
images/val/11909.jpg	annotations/val/11909.png
images/val/11910.jpg	annotations/val/11910.png
images/val/11911.jpg	annotations/val/11911.png
images/val/11912.jpg	annotations/val/11912.png
images/val/11913.jpg	annotations/val/11913.png
images/val/11914.jpg	annotations/val/11914.png
images/val/11915.jpg	annotations/val/11915.png
images/val/11916.jpg	annotations/val/11916.png
images/val/11917.jpg	annotations/val/11917.png
images/val/11918.jpg	annotations/val/11918.png
images/val/11919.jpg	annotations/val/11919.png
images/val/11920.jpg	annotations/val/11920.png
images/val/11921.jpg	annotations/val/11921.png
images/val/11922.jpg	annotations/val/11922.png
images/val/11923.jpg	annotations/val/11923.png
images/val/11924.jpg	annotations/val/11924.png
images/val/11925.jpg	annotations/val/11925.png
images/val/11926.jpg	annotations/val/11926.png
images/val/11927.jpg	annotations/val/11927.png
images/val/11928.jpg	annotations/val/11928.png
images/val/11929.jpg	annotations/val/11929.png
images/val/11930.jpg	annotations/val/11930.png
images/val/11931.jpg	annotations/val/11931.png
images/val/11932.jpg	annotations/val/11932.png
images/val/11933.jpg	annotations/val/11933.png
images/val/11934.jpg	annotations/val/11934.png
images/val/11935.jpg	annotations/val/11935.png
images/val/11936.jpg	annotations/val/11936.png
images/val/11937.jpg	annotations/val/11937.png
images/val/11938.jpg	annotations/val/11938.png
images/val/11939.jpg	annotations/val/11939.png
images/val/11940.jpg	annotations/val/11940.png
images/val/11941.jpg	annotations/val/11941.png
images/val/11942.jpg	annotations/val/11942.png
images/val/11943.jpg	annotations/val/11943.png
images/val/11944.jpg	annotations/val/11944.png
images/val/11945.jpg	annotations/val/11945.png
images/val/11946.jpg	annotations/val/11946.png
images/val/11947.jpg	annotations/val/11947.png
images/val/11948.jpg	annotations/val/11948.png
images/val/11949.jpg	annotations/val/11949.png
images/val/11950.jpg	annotations/val/11950.png
images/val/11951.jpg	annotations/val/11951.png
images/val/11952.jpg	annotations/val/11952.png
images/val/11953.jpg	annotations/val/11953.png
images/val/11954.jpg	annotations/val/11954.png
images/val/11955.jpg	annotations/val/11955.png
images/val/11956.jpg	annotations/val/11956.png
images/val/11957.jpg	annotations/val/11957.png
images/val/11958.jpg	annotations/val/11958.png
images/val/11959.jpg	annotations/val/11959.png
images/val/11960.jpg	annotations/val/11960.png
images/val/11961.jpg	annotations/val/11961.png
images/val/11962.jpg	annotations/val/11962.png
images/val/11963.jpg	annotations/val/11963.png
images/val/11964.jpg	annotations/val/11964.png
images/val/11965.jpg	annotations/val/11965.png
images/val/11966.jpg	annotations/val/11966.png
images/val/11967.jpg	annotations/val/11967.png
images/val/11968.jpg	annotations/val/11968.png
images/val/11969.jpg	annotations/val/11969.png
images/val/11970.jpg	annotations/val/11970.png
images/val/11971.jpg	annotations/val/11971.png
images/val/11972.jpg	annotations/val/11972.png
images/val/11973.jpg	annotations/val/11973.png
images/val/11974.jpg	annotations/val/11974.png
images/val/11975.jpg	annotations/val/11975.png
images/val/11976.jpg	annotations/val/11976.png
images/val/11977.jpg	annotations/val/11977.png
images/val/11978.jpg	annotations/val/11978.png
images/val/11979.jpg	annotations/val/11979.png
images/val/11980.jpg	annotations/val/11980.png
images/val/11981.jpg	annotations/val/11981.png
images/val/11982.jpg	annotations/val/11982.png
images/val/11983.jpg	annotations/val/11983.png
images/val/11984.jpg	annotations/val/11984.png
images/val/11985.jpg	annotations/val/11985.png
images/val/11986.jpg	annotations/val/11986.png
images/val/11987.jpg	annotations/val/11987.png
images/val/11988.jpg	annotations/val/11988.png
images/val/11989.jpg	annotations/val/11989.png
images/val/11990.jpg	annotations/val/11990.png
images/val/11991.jpg	annotations/val/11991.png
images/val/11992.jpg	annotations/val/11992.png
images/val/11993.jpg	annotations/val/11993.png
images/val/11994.jpg	annotations/val/11994.png
images/val/11995.jpg	annotations/val/11995.png
images/val/11996.jpg	annotations/val/11996.png
images/val/11997.jpg	annotations/val/11997.png
images/val/11998.jpg	annotations/val/11998.png
images/val/11999.jpg	annotations/val/11999.png
images/val/12000.jpg	annotations/val/12000.png
images/val/12001.jpg	annotations/val/12001.png
images/val/12002.jpg	annotations/val/12002.png
images/val/12003.jpg	annotations/val/12003.png
images/val/12004.jpg	annotations/val/12004.png
images/val/12005.jpg	annotations/val/12005.png
images/val/12006.jpg	annotations/val/12006.png
images/val/12007.jpg	annotations/val/12007.png
images/val/12008.jpg	annotations/val/12008.png
images/val/12009.jpg	annotations/val/12009.png
images/val/12010.jpg	annotations/val/12010.png
images/val/12011.jpg	annotations/val/12011.png
images/val/12012.jpg	annotations/val/12012.png
images/val/12013.jpg	annotations/val/12013.png
images/val/12014.jpg	annotations/val/12014.png
images/val/12015.jpg	annotations/val/12015.png
images/val/12016.jpg	annotations/val/12016.png
images/val/12017.jpg	annotations/val/12017.png
images/val/12018.jpg	annotations/val/12018.png
images/val/12019.jpg	annotations/val/12019.png
images/val/12020.jpg	annotations/val/12020.png
images/val/12021.jpg	annotations/val/12021.png
images/val/12022.jpg	annotations/val/12022.png
images/val/12023.jpg	annotations/val/12023.png
images/val/12024.jpg	annotations/val/12024.png
images/val/12025.jpg	annotations/val/12025.png
images/val/12026.jpg	annotations/val/12026.png
images/val/12027.jpg	annotations/val/12027.png
images/val/12028.jpg	annotations/val/12028.png
images/val/12029.jpg	annotations/val/12029.png
images/val/12030.jpg	annotations/val/12030.png
images/val/12031.jpg	annotations/val/12031.png
images/val/12032.jpg	annotations/val/12032.png
images/val/12033.jpg	annotations/val/12033.png
images/val/12034.jpg	annotations/val/12034.png
images/val/12035.jpg	annotations/val/12035.png
images/val/12036.jpg	annotations/val/12036.png
images/val/12037.jpg	annotations/val/12037.png
images/val/12038.jpg	annotations/val/12038.png
images/val/12039.jpg	annotations/val/12039.png
images/val/12040.jpg	annotations/val/12040.png
images/val/12041.jpg	annotations/val/12041.png
images/val/12042.jpg	annotations/val/12042.png
images/val/12043.jpg	annotations/val/12043.png
images/val/12044.jpg	annotations/val/12044.png
images/val/12045.jpg	annotations/val/12045.png
images/val/12046.jpg	annotations/val/12046.png
images/val/12047.jpg	annotations/val/12047.png
images/val/12048.jpg	annotations/val/12048.png
images/val/12049.jpg	annotations/val/12049.png
images/val/12050.jpg	annotations/val/12050.png
images/val/12051.jpg	annotations/val/12051.png
images/val/12052.jpg	annotations/val/12052.png
images/val/12053.jpg	annotations/val/12053.png
images/val/12054.jpg	annotations/val/12054.png
images/val/12055.jpg	annotations/val/12055.png
images/val/12056.jpg	annotations/val/12056.png
images/val/12057.jpg	annotations/val/12057.png
images/val/12058.jpg	annotations/val/12058.png
images/val/12059.jpg	annotations/val/12059.png
images/val/12060.jpg	annotations/val/12060.png
images/val/12061.jpg	annotations/val/12061.png
images/val/12062.jpg	annotations/val/12062.png
images/val/12063.jpg	annotations/val/12063.png
images/val/12064.jpg	annotations/val/12064.png
images/val/12065.jpg	annotations/val/12065.png
images/val/12066.jpg	annotations/val/12066.png
images/val/12067.jpg	annotations/val/12067.png
images/val/12068.jpg	annotations/val/12068.png
images/val/12069.jpg	annotations/val/12069.png
images/val/12070.jpg	annotations/val/12070.png
images/val/12071.jpg	annotations/val/12071.png
images/val/12072.jpg	annotations/val/12072.png
images/val/12073.jpg	annotations/val/12073.png
images/val/12074.jpg	annotations/val/12074.png
images/val/12075.jpg	annotations/val/12075.png
images/val/12076.jpg	annotations/val/12076.png
images/val/12077.jpg	annotations/val/12077.png
images/val/12078.jpg	annotations/val/12078.png
images/val/12079.jpg	annotations/val/12079.png
images/val/12080.jpg	annotations/val/12080.png
images/val/12081.jpg	annotations/val/12081.png
images/val/12082.jpg	annotations/val/12082.png
images/val/12083.jpg	annotations/val/12083.png
images/val/12084.jpg	annotations/val/12084.png
images/val/12085.jpg	annotations/val/12085.png
images/val/12086.jpg	annotations/val/12086.png
images/val/12087.jpg	annotations/val/12087.png
images/val/12088.jpg	annotations/val/12088.png
images/val/12089.jpg	annotations/val/12089.png
images/val/12090.jpg	annotations/val/12090.png
images/val/12091.jpg	annotations/val/12091.png
images/val/12092.jpg	annotations/val/12092.png
images/val/12093.jpg	annotations/val/12093.png
images/val/12094.jpg	annotations/val/12094.png
images/val/12095.jpg	annotations/val/12095.png
images/val/12096.jpg	annotations/val/12096.png
images/val/12097.jpg	annotations/val/12097.png
images/val/12098.jpg	annotations/val/12098.png
images/val/12099.jpg	annotations/val/12099.png
images/val/12100.jpg	annotations/val/12100.png
images/val/12101.jpg	annotations/val/12101.png
images/val/12102.jpg	annotations/val/12102.png
images/val/12103.jpg	annotations/val/12103.png
images/val/12104.jpg	annotations/val/12104.png
images/val/12105.jpg	annotations/val/12105.png
images/val/12106.jpg	annotations/val/12106.png
images/val/12107.jpg	annotations/val/12107.png
images/val/12108.jpg	annotations/val/12108.png
images/val/12109.jpg	annotations/val/12109.png
images/val/12110.jpg	annotations/val/12110.png
images/val/12111.jpg	annotations/val/12111.png
images/val/12112.jpg	annotations/val/12112.png
images/val/12113.jpg	annotations/val/12113.png
images/val/12114.jpg	annotations/val/12114.png
images/val/12115.jpg	annotations/val/12115.png
images/val/12116.jpg	annotations/val/12116.png
images/val/12117.jpg	annotations/val/12117.png
images/val/12118.jpg	annotations/val/12118.png
images/val/12119.jpg	annotations/val/12119.png
images/val/12120.jpg	annotations/val/12120.png
images/val/12121.jpg	annotations/val/12121.png
images/val/12122.jpg	annotations/val/12122.png
images/val/12123.jpg	annotations/val/12123.png
images/val/12124.jpg	annotations/val/12124.png
images/val/12125.jpg	annotations/val/12125.png
images/val/12126.jpg	annotations/val/12126.png
images/val/12127.jpg	annotations/val/12127.png
images/val/12128.jpg	annotations/val/12128.png
images/val/12129.jpg	annotations/val/12129.png
images/val/12130.jpg	annotations/val/12130.png
images/val/12131.jpg	annotations/val/12131.png
images/val/12132.jpg	annotations/val/12132.png
images/val/12133.jpg	annotations/val/12133.png
images/val/12134.jpg	annotations/val/12134.png
images/val/12135.jpg	annotations/val/12135.png
images/val/12136.jpg	annotations/val/12136.png
images/val/12137.jpg	annotations/val/12137.png
images/val/12138.jpg	annotations/val/12138.png
images/val/12139.jpg	annotations/val/12139.png
images/val/12140.jpg	annotations/val/12140.png
images/val/12141.jpg	annotations/val/12141.png
images/val/12142.jpg	annotations/val/12142.png
images/val/12143.jpg	annotations/val/12143.png
images/val/12144.jpg	annotations/val/12144.png
images/val/12145.jpg	annotations/val/12145.png
images/val/12146.jpg	annotations/val/12146.png
images/val/12147.jpg	annotations/val/12147.png
images/val/12148.jpg	annotations/val/12148.png
images/val/12149.jpg	annotations/val/12149.png
images/val/12150.jpg	annotations/val/12150.png
images/val/12151.jpg	annotations/val/12151.png
images/val/12152.jpg	annotations/val/12152.png
images/val/12153.jpg	annotations/val/12153.png
images/val/12154.jpg	annotations/val/12154.png
images/val/12155.jpg	annotations/val/12155.png
images/val/12156.jpg	annotations/val/12156.png
images/val/12157.jpg	annotations/val/12157.png
images/val/12158.jpg	annotations/val/12158.png
images/val/12159.jpg	annotations/val/12159.png
images/val/12160.jpg	annotations/val/12160.png
images/val/12161.jpg	annotations/val/12161.png
images/val/12162.jpg	annotations/val/12162.png
images/val/12163.jpg	annotations/val/12163.png
images/val/12164.jpg	annotations/val/12164.png
images/val/12165.jpg	annotations/val/12165.png
images/val/12166.jpg	annotations/val/12166.png
images/val/12167.jpg	annotations/val/12167.png
images/val/12168.jpg	annotations/val/12168.png
images/val/12169.jpg	annotations/val/12169.png
images/val/12170.jpg	annotations/val/12170.png
images/val/12171.jpg	annotations/val/12171.png
images/val/12172.jpg	annotations/val/12172.png
images/val/12173.jpg	annotations/val/12173.png
images/val/12174.jpg	annotations/val/12174.png
images/val/12175.jpg	annotations/val/12175.png
images/val/12176.jpg	annotations/val/12176.png
images/val/12177.jpg	annotations/val/12177.png
images/val/12178.jpg	annotations/val/12178.png
images/val/12179.jpg	annotations/val/12179.png
images/val/12180.jpg	annotations/val/12180.png
images/val/12181.jpg	annotations/val/12181.png
images/val/12182.jpg	annotations/val/12182.png
images/val/12183.jpg	annotations/val/12183.png
images/val/12184.jpg	annotations/val/12184.png
images/val/12185.jpg	annotations/val/12185.png
images/val/12186.jpg	annotations/val/12186.png
images/val/12187.jpg	annotations/val/12187.png
images/val/12188.jpg	annotations/val/12188.png
images/val/12189.jpg	annotations/val/12189.png
images/val/12190.jpg	annotations/val/12190.png
images/val/12191.jpg	annotations/val/12191.png
images/val/12192.jpg	annotations/val/12192.png
images/val/12193.jpg	annotations/val/12193.png
images/val/12194.jpg	annotations/val/12194.png
images/val/12195.jpg	annotations/val/12195.png
images/val/12196.jpg	annotations/val/12196.png
images/val/12197.jpg	annotations/val/12197.png
images/val/12198.jpg	annotations/val/12198.png
images/val/12199.jpg	annotations/val/12199.png
images/val/12200.jpg	annotations/val/12200.png
images/val/12201.jpg	annotations/val/12201.png
images/val/12202.jpg	annotations/val/12202.png
images/val/12203.jpg	annotations/val/12203.png
images/val/12204.jpg	annotations/val/12204.png
images/val/12205.jpg	annotations/val/12205.png
images/val/12206.jpg	annotations/val/12206.png
images/val/12207.jpg	annotations/val/12207.png
images/val/12208.jpg	annotations/val/12208.png
images/val/12209.jpg	annotations/val/12209.png
images/val/12210.jpg	annotations/val/12210.png
images/val/12211.jpg	annotations/val/12211.png
images/val/12212.jpg	annotations/val/12212.png
images/val/12213.jpg	annotations/val/12213.png
images/val/12214.jpg	annotations/val/12214.png
images/val/12215.jpg	annotations/val/12215.png
images/val/12216.jpg	annotations/val/12216.png
images/val/12217.jpg	annotations/val/12217.png
images/val/12218.jpg	annotations/val/12218.png
images/val/12219.jpg	annotations/val/12219.png
images/val/12220.jpg	annotations/val/12220.png
images/val/12221.jpg	annotations/val/12221.png
images/val/12222.jpg	annotations/val/12222.png
images/val/12223.jpg	annotations/val/12223.png
images/val/12224.jpg	annotations/val/12224.png
images/val/12225.jpg	annotations/val/12225.png
images/val/12226.jpg	annotations/val/12226.png
images/val/12227.jpg	annotations/val/12227.png
images/val/12228.jpg	annotations/val/12228.png
images/val/12229.jpg	annotations/val/12229.png
images/val/12230.jpg	annotations/val/12230.png
images/val/12231.jpg	annotations/val/12231.png
images/val/12232.jpg	annotations/val/12232.png
images/val/12233.jpg	annotations/val/12233.png
images/val/12234.jpg	annotations/val/12234.png
images/val/12235.jpg	annotations/val/12235.png
images/val/12236.jpg	annotations/val/12236.png
images/val/12237.jpg	annotations/val/12237.png
images/val/12238.jpg	annotations/val/12238.png
images/val/12239.jpg	annotations/val/12239.png
images/val/12240.jpg	annotations/val/12240.png
images/val/12241.jpg	annotations/val/12241.png
images/val/12242.jpg	annotations/val/12242.png
images/val/12243.jpg	annotations/val/12243.png
images/val/12244.jpg	annotations/val/12244.png
images/val/12245.jpg	annotations/val/12245.png
images/val/12246.jpg	annotations/val/12246.png
images/val/12247.jpg	annotations/val/12247.png
images/val/12248.jpg	annotations/val/12248.png
images/val/12249.jpg	annotations/val/12249.png
images/val/12250.jpg	annotations/val/12250.png
images/val/12251.jpg	annotations/val/12251.png
images/val/12252.jpg	annotations/val/12252.png
images/val/12253.jpg	annotations/val/12253.png
images/val/12254.jpg	annotations/val/12254.png
images/val/12255.jpg	annotations/val/12255.png
images/val/12256.jpg	annotations/val/12256.png
images/val/12257.jpg	annotations/val/12257.png
images/val/12258.jpg	annotations/val/12258.png
images/val/12259.jpg	annotations/val/12259.png
images/val/12260.jpg	annotations/val/12260.png
images/val/12261.jpg	annotations/val/12261.png
images/val/12262.jpg	annotations/val/12262.png
images/val/12263.jpg	annotations/val/12263.png
images/val/12264.jpg	annotations/val/12264.png
images/val/12265.jpg	annotations/val/12265.png
images/val/12266.jpg	annotations/val/12266.png
images/val/12267.jpg	annotations/val/12267.png
images/val/12268.jpg	annotations/val/12268.png
images/val/12269.jpg	annotations/val/12269.png
images/val/12270.jpg	annotations/val/12270.png
images/val/12271.jpg	annotations/val/12271.png
images/val/12272.jpg	annotations/val/12272.png
images/val/12273.jpg	annotations/val/12273.png
images/val/12274.jpg	annotations/val/12274.png
images/val/12275.jpg	annotations/val/12275.png
images/val/12276.jpg	annotations/val/12276.png
images/val/12277.jpg	annotations/val/12277.png
images/val/12278.jpg	annotations/val/12278.png
images/val/12279.jpg	annotations/val/12279.png
images/val/12280.jpg	annotations/val/12280.png
images/val/12281.jpg	annotations/val/12281.png
images/val/12282.jpg	annotations/val/12282.png
images/val/12283.jpg	annotations/val/12283.png
images/val/12284.jpg	annotations/val/12284.png
images/val/12285.jpg	annotations/val/12285.png
images/val/12286.jpg	annotations/val/12286.png
images/val/12287.jpg	annotations/val/12287.png
images/val/12288.jpg	annotations/val/12288.png
images/val/12289.jpg	annotations/val/12289.png
images/val/12290.jpg	annotations/val/12290.png
images/val/12291.jpg	annotations/val/12291.png
images/val/12292.jpg	annotations/val/12292.png
images/val/12293.jpg	annotations/val/12293.png
images/val/12294.jpg	annotations/val/12294.png
images/val/12295.jpg	annotations/val/12295.png
images/val/12296.jpg	annotations/val/12296.png
images/val/12297.jpg	annotations/val/12297.png
images/val/12298.jpg	annotations/val/12298.png
images/val/12299.jpg	annotations/val/12299.png
images/val/12300.jpg	annotations/val/12300.png
images/val/12301.jpg	annotations/val/12301.png
images/val/12302.jpg	annotations/val/12302.png
images/val/12303.jpg	annotations/val/12303.png
images/val/12304.jpg	annotations/val/12304.png
images/val/12305.jpg	annotations/val/12305.png
images/val/12306.jpg	annotations/val/12306.png
images/val/12307.jpg	annotations/val/12307.png
images/val/12308.jpg	annotations/val/12308.png
images/val/12309.jpg	annotations/val/12309.png
images/val/12310.jpg	annotations/val/12310.png
images/val/12311.jpg	annotations/val/12311.png
images/val/12312.jpg	annotations/val/12312.png
images/val/12313.jpg	annotations/val/12313.png
images/val/12314.jpg	annotations/val/12314.png
images/val/12315.jpg	annotations/val/12315.png
images/val/12316.jpg	annotations/val/12316.png
images/val/12317.jpg	annotations/val/12317.png
images/val/12318.jpg	annotations/val/12318.png
images/val/12319.jpg	annotations/val/12319.png
images/val/12320.jpg	annotations/val/12320.png
images/val/12321.jpg	annotations/val/12321.png
images/val/12322.jpg	annotations/val/12322.png
images/val/12323.jpg	annotations/val/12323.png
images/val/12324.jpg	annotations/val/12324.png
images/val/12325.jpg	annotations/val/12325.png
images/val/12326.jpg	annotations/val/12326.png
images/val/12327.jpg	annotations/val/12327.png
images/val/12328.jpg	annotations/val/12328.png
images/val/12329.jpg	annotations/val/12329.png
images/val/12330.jpg	annotations/val/12330.png
images/val/12331.jpg	annotations/val/12331.png
images/val/12332.jpg	annotations/val/12332.png
images/val/12333.jpg	annotations/val/12333.png
images/val/12334.jpg	annotations/val/12334.png
images/val/12335.jpg	annotations/val/12335.png
images/val/12336.jpg	annotations/val/12336.png
images/val/12337.jpg	annotations/val/12337.png
images/val/12338.jpg	annotations/val/12338.png
images/val/12339.jpg	annotations/val/12339.png
images/val/12340.jpg	annotations/val/12340.png
images/val/12341.jpg	annotations/val/12341.png
images/val/12342.jpg	annotations/val/12342.png
images/val/12343.jpg	annotations/val/12343.png
images/val/12344.jpg	annotations/val/12344.png
images/val/12345.jpg	annotations/val/12345.png
images/val/12346.jpg	annotations/val/12346.png
images/val/12347.jpg	annotations/val/12347.png
images/val/12348.jpg	annotations/val/12348.png
images/val/12349.jpg	annotations/val/12349.png
images/val/12350.jpg	annotations/val/12350.png
images/val/12351.jpg	annotations/val/12351.png
images/val/12352.jpg	annotations/val/12352.png
images/val/12353.jpg	annotations/val/12353.png
images/val/12354.jpg	annotations/val/12354.png
images/val/12355.jpg	annotations/val/12355.png
images/val/12356.jpg	annotations/val/12356.png
images/val/12357.jpg	annotations/val/12357.png
images/val/12358.jpg	annotations/val/12358.png
images/val/12359.jpg	annotations/val/12359.png
images/val/12360.jpg	annotations/val/12360.png
images/val/12361.jpg	annotations/val/12361.png
images/val/12362.jpg	annotations/val/12362.png
images/val/12363.jpg	annotations/val/12363.png
images/val/12364.jpg	annotations/val/12364.png
images/val/12365.jpg	annotations/val/12365.png
images/val/12366.jpg	annotations/val/12366.png
images/val/12367.jpg	annotations/val/12367.png
images/val/12368.jpg	annotations/val/12368.png
images/val/12369.jpg	annotations/val/12369.png
images/val/12370.jpg	annotations/val/12370.png
images/val/12371.jpg	annotations/val/12371.png
images/val/12372.jpg	annotations/val/12372.png
images/val/12373.jpg	annotations/val/12373.png
images/val/12374.jpg	annotations/val/12374.png
images/val/12375.jpg	annotations/val/12375.png
images/val/12376.jpg	annotations/val/12376.png
images/val/12377.jpg	annotations/val/12377.png
images/val/12378.jpg	annotations/val/12378.png
images/val/12379.jpg	annotations/val/12379.png
images/val/12380.jpg	annotations/val/12380.png
images/val/12381.jpg	annotations/val/12381.png
images/val/12382.jpg	annotations/val/12382.png
images/val/12383.jpg	annotations/val/12383.png
images/val/12384.jpg	annotations/val/12384.png
images/val/12385.jpg	annotations/val/12385.png
images/val/12386.jpg	annotations/val/12386.png
images/val/12387.jpg	annotations/val/12387.png
images/val/12388.jpg	annotations/val/12388.png
images/val/12389.jpg	annotations/val/12389.png
images/val/12390.jpg	annotations/val/12390.png
images/val/12391.jpg	annotations/val/12391.png
images/val/12392.jpg	annotations/val/12392.png
images/val/12393.jpg	annotations/val/12393.png
images/val/12394.jpg	annotations/val/12394.png
images/val/12395.jpg	annotations/val/12395.png
images/val/12396.jpg	annotations/val/12396.png
images/val/12397.jpg	annotations/val/12397.png
images/val/12398.jpg	annotations/val/12398.png
images/val/12399.jpg	annotations/val/12399.png
images/val/12400.jpg	annotations/val/12400.png
images/val/12401.jpg	annotations/val/12401.png
images/val/12402.jpg	annotations/val/12402.png
images/val/12403.jpg	annotations/val/12403.png
images/val/12404.jpg	annotations/val/12404.png
images/val/12405.jpg	annotations/val/12405.png
images/val/12406.jpg	annotations/val/12406.png
images/val/12407.jpg	annotations/val/12407.png
images/val/12408.jpg	annotations/val/12408.png
images/val/12409.jpg	annotations/val/12409.png
images/val/12410.jpg	annotations/val/12410.png
images/val/12411.jpg	annotations/val/12411.png
images/val/12412.jpg	annotations/val/12412.png
images/val/12413.jpg	annotations/val/12413.png
images/val/12414.jpg	annotations/val/12414.png
images/val/12415.jpg	annotations/val/12415.png
images/val/12416.jpg	annotations/val/12416.png
images/val/12417.jpg	annotations/val/12417.png
images/val/12418.jpg	annotations/val/12418.png
images/val/12419.jpg	annotations/val/12419.png
images/val/12420.jpg	annotations/val/12420.png
images/val/12421.jpg	annotations/val/12421.png
images/val/12422.jpg	annotations/val/12422.png
images/val/12423.jpg	annotations/val/12423.png
images/val/12424.jpg	annotations/val/12424.png
images/val/12425.jpg	annotations/val/12425.png
images/val/12426.jpg	annotations/val/12426.png
images/val/12427.jpg	annotations/val/12427.png
images/val/12428.jpg	annotations/val/12428.png
images/val/12429.jpg	annotations/val/12429.png
images/val/12430.jpg	annotations/val/12430.png
images/val/12431.jpg	annotations/val/12431.png
images/val/12432.jpg	annotations/val/12432.png
images/val/12433.jpg	annotations/val/12433.png
images/val/12434.jpg	annotations/val/12434.png
images/val/12435.jpg	annotations/val/12435.png
images/val/12436.jpg	annotations/val/12436.png
images/val/12437.jpg	annotations/val/12437.png
images/val/12438.jpg	annotations/val/12438.png
images/val/12439.jpg	annotations/val/12439.png
images/val/12440.jpg	annotations/val/12440.png
images/val/12441.jpg	annotations/val/12441.png
images/val/12442.jpg	annotations/val/12442.png
images/val/12443.jpg	annotations/val/12443.png
images/val/12444.jpg	annotations/val/12444.png
images/val/12445.jpg	annotations/val/12445.png
images/val/12446.jpg	annotations/val/12446.png
images/val/12447.jpg	annotations/val/12447.png
images/val/12448.jpg	annotations/val/12448.png
images/val/12449.jpg	annotations/val/12449.png
images/val/12450.jpg	annotations/val/12450.png
images/val/12451.jpg	annotations/val/12451.png
images/val/12452.jpg	annotations/val/12452.png
images/val/12453.jpg	annotations/val/12453.png
images/val/12454.jpg	annotations/val/12454.png
images/val/12455.jpg	annotations/val/12455.png
images/val/12456.jpg	annotations/val/12456.png
images/val/12457.jpg	annotations/val/12457.png
images/val/12458.jpg	annotations/val/12458.png
images/val/12459.jpg	annotations/val/12459.png
images/val/12460.jpg	annotations/val/12460.png
images/val/12461.jpg	annotations/val/12461.png
images/val/12462.jpg	annotations/val/12462.png
images/val/12463.jpg	annotations/val/12463.png
images/val/12464.jpg	annotations/val/12464.png
images/val/12465.jpg	annotations/val/12465.png
images/val/12466.jpg	annotations/val/12466.png
images/val/12467.jpg	annotations/val/12467.png
images/val/12468.jpg	annotations/val/12468.png
images/val/12469.jpg	annotations/val/12469.png
images/val/12470.jpg	annotations/val/12470.png
images/val/12471.jpg	annotations/val/12471.png
images/val/12472.jpg	annotations/val/12472.png
images/val/12473.jpg	annotations/val/12473.png
images/val/12474.jpg	annotations/val/12474.png
images/val/12475.jpg	annotations/val/12475.png
images/val/12476.jpg	annotations/val/12476.png
images/val/12477.jpg	annotations/val/12477.png
images/val/12478.jpg	annotations/val/12478.png
images/val/12479.jpg	annotations/val/12479.png
images/val/12480.jpg	annotations/val/12480.png
images/val/12481.jpg	annotations/val/12481.png
images/val/12482.jpg	annotations/val/12482.png
images/val/12483.jpg	annotations/val/12483.png
images/val/12484.jpg	annotations/val/12484.png
images/val/12485.jpg	annotations/val/12485.png
images/val/12486.jpg	annotations/val/12486.png
images/val/12487.jpg	annotations/val/12487.png
images/val/12488.jpg	annotations/val/12488.png
images/val/12489.jpg	annotations/val/12489.png
images/val/12490.jpg	annotations/val/12490.png
images/val/12491.jpg	annotations/val/12491.png
images/val/12492.jpg	annotations/val/12492.png
images/val/12493.jpg	annotations/val/12493.png
images/val/12494.jpg	annotations/val/12494.png
images/val/12495.jpg	annotations/val/12495.png
images/val/12496.jpg	annotations/val/12496.png
images/val/12497.jpg	annotations/val/12497.png
images/val/12498.jpg	annotations/val/12498.png
images/val/12499.jpg	annotations/val/12499.png
images/val/12500.jpg	annotations/val/12500.png
images/val/12501.jpg	annotations/val/12501.png
images/val/12502.jpg	annotations/val/12502.png
images/val/12503.jpg	annotations/val/12503.png
images/val/12504.jpg	annotations/val/12504.png
images/val/12505.jpg	annotations/val/12505.png
images/val/12506.jpg	annotations/val/12506.png
images/val/12507.jpg	annotations/val/12507.png
images/val/12508.jpg	annotations/val/12508.png
images/val/12509.jpg	annotations/val/12509.png
images/val/12510.jpg	annotations/val/12510.png
images/val/12511.jpg	annotations/val/12511.png
images/val/12512.jpg	annotations/val/12512.png
images/val/12513.jpg	annotations/val/12513.png
images/val/12514.jpg	annotations/val/12514.png
images/val/12515.jpg	annotations/val/12515.png
images/val/12516.jpg	annotations/val/12516.png
images/val/12517.jpg	annotations/val/12517.png
images/val/12518.jpg	annotations/val/12518.png
images/val/12519.jpg	annotations/val/12519.png
images/val/12520.jpg	annotations/val/12520.png
images/val/12521.jpg	annotations/val/12521.png
images/val/12522.jpg	annotations/val/12522.png
images/val/12523.jpg	annotations/val/12523.png
images/val/12524.jpg	annotations/val/12524.png
images/val/12525.jpg	annotations/val/12525.png
images/val/12526.jpg	annotations/val/12526.png
images/val/12527.jpg	annotations/val/12527.png
images/val/12528.jpg	annotations/val/12528.png
images/val/12529.jpg	annotations/val/12529.png
images/val/12530.jpg	annotations/val/12530.png
images/val/12531.jpg	annotations/val/12531.png
images/val/12532.jpg	annotations/val/12532.png
images/val/12533.jpg	annotations/val/12533.png
images/val/12534.jpg	annotations/val/12534.png
images/val/12535.jpg	annotations/val/12535.png
images/val/12536.jpg	annotations/val/12536.png
images/val/12537.jpg	annotations/val/12537.png
images/val/12538.jpg	annotations/val/12538.png
images/val/12539.jpg	annotations/val/12539.png
images/val/12540.jpg	annotations/val/12540.png
images/val/12541.jpg	annotations/val/12541.png
images/val/12542.jpg	annotations/val/12542.png
images/val/12543.jpg	annotations/val/12543.png
images/val/12544.jpg	annotations/val/12544.png
images/val/12545.jpg	annotations/val/12545.png
images/val/12546.jpg	annotations/val/12546.png
images/val/12547.jpg	annotations/val/12547.png
images/val/12548.jpg	annotations/val/12548.png
images/val/12549.jpg	annotations/val/12549.png
images/val/12550.jpg	annotations/val/12550.png
images/val/12551.jpg	annotations/val/12551.png
images/val/12552.jpg	annotations/val/12552.png
images/val/12553.jpg	annotations/val/12553.png
images/val/12554.jpg	annotations/val/12554.png
images/val/12555.jpg	annotations/val/12555.png
images/val/12556.jpg	annotations/val/12556.png
images/val/12557.jpg	annotations/val/12557.png
images/val/12558.jpg	annotations/val/12558.png
images/val/12559.jpg	annotations/val/12559.png
images/val/12560.jpg	annotations/val/12560.png
images/val/12561.jpg	annotations/val/12561.png
images/val/12562.jpg	annotations/val/12562.png
images/val/12563.jpg	annotations/val/12563.png
images/val/12564.jpg	annotations/val/12564.png
images/val/12565.jpg	annotations/val/12565.png
images/val/12566.jpg	annotations/val/12566.png
images/val/12567.jpg	annotations/val/12567.png
images/val/12568.jpg	annotations/val/12568.png
images/val/12569.jpg	annotations/val/12569.png
images/val/12570.jpg	annotations/val/12570.png
images/val/12571.jpg	annotations/val/12571.png
images/val/12572.jpg	annotations/val/12572.png
images/val/12573.jpg	annotations/val/12573.png
images/val/12574.jpg	annotations/val/12574.png
images/val/12575.jpg	annotations/val/12575.png
images/val/12576.jpg	annotations/val/12576.png
images/val/12577.jpg	annotations/val/12577.png
images/val/12578.jpg	annotations/val/12578.png
images/val/12579.jpg	annotations/val/12579.png
images/val/12580.jpg	annotations/val/12580.png
images/val/12581.jpg	annotations/val/12581.png
images/val/12582.jpg	annotations/val/12582.png
images/val/12583.jpg	annotations/val/12583.png
images/val/12584.jpg	annotations/val/12584.png
images/val/12585.jpg	annotations/val/12585.png
images/val/12586.jpg	annotations/val/12586.png
images/val/12587.jpg	annotations/val/12587.png
images/val/12588.jpg	annotations/val/12588.png
images/val/12589.jpg	annotations/val/12589.png
images/val/12590.jpg	annotations/val/12590.png
images/val/12591.jpg	annotations/val/12591.png
images/val/12592.jpg	annotations/val/12592.png
images/val/12593.jpg	annotations/val/12593.png
images/val/12594.jpg	annotations/val/12594.png
images/val/12595.jpg	annotations/val/12595.png
images/val/12596.jpg	annotations/val/12596.png
images/val/12597.jpg	annotations/val/12597.png
images/val/12598.jpg	annotations/val/12598.png
images/val/12599.jpg	annotations/val/12599.png
images/val/12600.jpg	annotations/val/12600.png
images/val/12601.jpg	annotations/val/12601.png
images/val/12602.jpg	annotations/val/12602.png
images/val/12603.jpg	annotations/val/12603.png
images/val/12604.jpg	annotations/val/12604.png
images/val/12605.jpg	annotations/val/12605.png
images/val/12606.jpg	annotations/val/12606.png
images/val/12607.jpg	annotations/val/12607.png
images/val/12608.jpg	annotations/val/12608.png
images/val/12609.jpg	annotations/val/12609.png
images/val/12610.jpg	annotations/val/12610.png
images/val/12611.jpg	annotations/val/12611.png
images/val/12612.jpg	annotations/val/12612.png
images/val/12613.jpg	annotations/val/12613.png
images/val/12614.jpg	annotations/val/12614.png
images/val/12615.jpg	annotations/val/12615.png
images/val/12616.jpg	annotations/val/12616.png
images/val/12617.jpg	annotations/val/12617.png
images/val/12618.jpg	annotations/val/12618.png
images/val/12619.jpg	annotations/val/12619.png
images/val/12620.jpg	annotations/val/12620.png
images/val/12621.jpg	annotations/val/12621.png
images/val/12622.jpg	annotations/val/12622.png
images/val/12623.jpg	annotations/val/12623.png
images/val/12624.jpg	annotations/val/12624.png
images/val/12625.jpg	annotations/val/12625.png
images/val/12626.jpg	annotations/val/12626.png
images/val/12627.jpg	annotations/val/12627.png
images/val/12628.jpg	annotations/val/12628.png
images/val/12629.jpg	annotations/val/12629.png
images/val/12630.jpg	annotations/val/12630.png
images/val/12631.jpg	annotations/val/12631.png
images/val/12632.jpg	annotations/val/12632.png
images/val/12633.jpg	annotations/val/12633.png
images/val/12634.jpg	annotations/val/12634.png
images/val/12635.jpg	annotations/val/12635.png
images/val/12636.jpg	annotations/val/12636.png
images/val/12637.jpg	annotations/val/12637.png
images/val/12638.jpg	annotations/val/12638.png
images/val/12639.jpg	annotations/val/12639.png
images/val/12640.jpg	annotations/val/12640.png
images/val/12641.jpg	annotations/val/12641.png
images/val/12642.jpg	annotations/val/12642.png
images/val/12643.jpg	annotations/val/12643.png
images/val/12644.jpg	annotations/val/12644.png
images/val/12645.jpg	annotations/val/12645.png
images/val/12646.jpg	annotations/val/12646.png
images/val/12647.jpg	annotations/val/12647.png
images/val/12648.jpg	annotations/val/12648.png
images/val/12649.jpg	annotations/val/12649.png
images/val/12650.jpg	annotations/val/12650.png
images/val/12651.jpg	annotations/val/12651.png
images/val/12652.jpg	annotations/val/12652.png
images/val/12653.jpg	annotations/val/12653.png
images/val/12654.jpg	annotations/val/12654.png
images/val/12655.jpg	annotations/val/12655.png
images/val/12656.jpg	annotations/val/12656.png
images/val/12657.jpg	annotations/val/12657.png
images/val/12658.jpg	annotations/val/12658.png
images/val/12659.jpg	annotations/val/12659.png
images/val/12660.jpg	annotations/val/12660.png
images/val/12661.jpg	annotations/val/12661.png
images/val/12662.jpg	annotations/val/12662.png
images/val/12663.jpg	annotations/val/12663.png
images/val/12664.jpg	annotations/val/12664.png
images/val/12665.jpg	annotations/val/12665.png
images/val/12666.jpg	annotations/val/12666.png
images/val/12667.jpg	annotations/val/12667.png
images/val/12668.jpg	annotations/val/12668.png
images/val/12669.jpg	annotations/val/12669.png
images/val/12670.jpg	annotations/val/12670.png
images/val/12671.jpg	annotations/val/12671.png
images/val/12672.jpg	annotations/val/12672.png
images/val/12673.jpg	annotations/val/12673.png
images/val/12674.jpg	annotations/val/12674.png
images/val/12675.jpg	annotations/val/12675.png
images/val/12676.jpg	annotations/val/12676.png
images/val/12677.jpg	annotations/val/12677.png
images/val/12678.jpg	annotations/val/12678.png
images/val/12679.jpg	annotations/val/12679.png
images/val/12680.jpg	annotations/val/12680.png
images/val/12681.jpg	annotations/val/12681.png
images/val/12682.jpg	annotations/val/12682.png
images/val/12683.jpg	annotations/val/12683.png
images/val/12684.jpg	annotations/val/12684.png
images/val/12685.jpg	annotations/val/12685.png
images/val/12686.jpg	annotations/val/12686.png
images/val/12687.jpg	annotations/val/12687.png
images/val/12688.jpg	annotations/val/12688.png
images/val/12689.jpg	annotations/val/12689.png
images/val/12690.jpg	annotations/val/12690.png
images/val/12691.jpg	annotations/val/12691.png
images/val/12692.jpg	annotations/val/12692.png
images/val/12693.jpg	annotations/val/12693.png
images/val/12694.jpg	annotations/val/12694.png
images/val/12695.jpg	annotations/val/12695.png
images/val/12696.jpg	annotations/val/12696.png
images/val/12697.jpg	annotations/val/12697.png
images/val/12698.jpg	annotations/val/12698.png
images/val/12699.jpg	annotations/val/12699.png
images/val/12700.jpg	annotations/val/12700.png
images/val/12701.jpg	annotations/val/12701.png
images/val/12702.jpg	annotations/val/12702.png
images/val/12703.jpg	annotations/val/12703.png
images/val/12704.jpg	annotations/val/12704.png
images/val/12705.jpg	annotations/val/12705.png
images/val/12706.jpg	annotations/val/12706.png
images/val/12707.jpg	annotations/val/12707.png
images/val/12708.jpg	annotations/val/12708.png
images/val/12709.jpg	annotations/val/12709.png
images/val/12710.jpg	annotations/val/12710.png
images/val/12711.jpg	annotations/val/12711.png
images/val/12712.jpg	annotations/val/12712.png
images/val/12713.jpg	annotations/val/12713.png
images/val/12714.jpg	annotations/val/12714.png
images/val/12715.jpg	annotations/val/12715.png
images/val/12716.jpg	annotations/val/12716.png
images/val/12717.jpg	annotations/val/12717.png
images/val/12718.jpg	annotations/val/12718.png
images/val/12719.jpg	annotations/val/12719.png
images/val/12720.jpg	annotations/val/12720.png
images/val/12721.jpg	annotations/val/12721.png
images/val/12722.jpg	annotations/val/12722.png
images/val/12723.jpg	annotations/val/12723.png
images/val/12724.jpg	annotations/val/12724.png
images/val/12725.jpg	annotations/val/12725.png
images/val/12726.jpg	annotations/val/12726.png
images/val/12727.jpg	annotations/val/12727.png
images/val/12728.jpg	annotations/val/12728.png
images/val/12729.jpg	annotations/val/12729.png
images/val/12730.jpg	annotations/val/12730.png
images/val/12731.jpg	annotations/val/12731.png
images/val/12732.jpg	annotations/val/12732.png
images/val/12733.jpg	annotations/val/12733.png
images/val/12734.jpg	annotations/val/12734.png
images/val/12735.jpg	annotations/val/12735.png
images/val/12736.jpg	annotations/val/12736.png
images/val/12737.jpg	annotations/val/12737.png
images/val/12738.jpg	annotations/val/12738.png
images/val/12739.jpg	annotations/val/12739.png
images/val/12740.jpg	annotations/val/12740.png
images/val/12741.jpg	annotations/val/12741.png
images/val/12742.jpg	annotations/val/12742.png
images/val/12743.jpg	annotations/val/12743.png
images/val/12744.jpg	annotations/val/12744.png
images/val/12745.jpg	annotations/val/12745.png
images/val/12746.jpg	annotations/val/12746.png
images/val/12747.jpg	annotations/val/12747.png
images/val/12748.jpg	annotations/val/12748.png
images/val/12749.jpg	annotations/val/12749.png
images/val/12750.jpg	annotations/val/12750.png
images/val/12751.jpg	annotations/val/12751.png
images/val/12752.jpg	annotations/val/12752.png
images/val/12753.jpg	annotations/val/12753.png
images/val/12754.jpg	annotations/val/12754.png
images/val/12755.jpg	annotations/val/12755.png
images/val/12756.jpg	annotations/val/12756.png
images/val/12757.jpg	annotations/val/12757.png
images/val/12758.jpg	annotations/val/12758.png
images/val/12759.jpg	annotations/val/12759.png
images/val/12760.jpg	annotations/val/12760.png
images/val/12761.jpg	annotations/val/12761.png
images/val/12762.jpg	annotations/val/12762.png
images/val/12763.jpg	annotations/val/12763.png
images/val/12764.jpg	annotations/val/12764.png
images/val/12765.jpg	annotations/val/12765.png
images/val/12766.jpg	annotations/val/12766.png
images/val/12767.jpg	annotations/val/12767.png
images/val/12768.jpg	annotations/val/12768.png
images/val/12769.jpg	annotations/val/12769.png
images/val/12770.jpg	annotations/val/12770.png
images/val/12771.jpg	annotations/val/12771.png
images/val/12772.jpg	annotations/val/12772.png
images/val/12773.jpg	annotations/val/12773.png
images/val/12774.jpg	annotations/val/12774.png
images/val/12775.jpg	annotations/val/12775.png
images/val/12776.jpg	annotations/val/12776.png
images/val/12777.jpg	annotations/val/12777.png
images/val/12778.jpg	annotations/val/12778.png
images/val/12779.jpg	annotations/val/12779.png
images/val/12780.jpg	annotations/val/12780.png
images/val/12781.jpg	annotations/val/12781.png
images/val/12782.jpg	annotations/val/12782.png
images/val/12783.jpg	annotations/val/12783.png
images/val/12784.jpg	annotations/val/12784.png
images/val/12785.jpg	annotations/val/12785.png
images/val/12786.jpg	annotations/val/12786.png
images/val/12787.jpg	annotations/val/12787.png
images/val/12788.jpg	annotations/val/12788.png
images/val/12789.jpg	annotations/val/12789.png
images/val/12790.jpg	annotations/val/12790.png
images/val/12791.jpg	annotations/val/12791.png
images/val/12792.jpg	annotations/val/12792.png
images/val/12793.jpg	annotations/val/12793.png
images/val/12794.jpg	annotations/val/12794.png
images/val/12795.jpg	annotations/val/12795.png
images/val/12796.jpg	annotations/val/12796.png
images/val/12797.jpg	annotations/val/12797.png
images/val/12798.jpg	annotations/val/12798.png
images/val/12799.jpg	annotations/val/12799.png
images/val/12800.jpg	annotations/val/12800.png
images/val/12801.jpg	annotations/val/12801.png
images/val/12802.jpg	annotations/val/12802.png
images/val/12803.jpg	annotations/val/12803.png
images/val/12804.jpg	annotations/val/12804.png
images/val/12805.jpg	annotations/val/12805.png
images/val/12806.jpg	annotations/val/12806.png
images/val/12807.jpg	annotations/val/12807.png
images/val/12808.jpg	annotations/val/12808.png
images/val/12809.jpg	annotations/val/12809.png
images/val/12810.jpg	annotations/val/12810.png
images/val/12811.jpg	annotations/val/12811.png
images/val/12812.jpg	annotations/val/12812.png
images/val/12813.jpg	annotations/val/12813.png
images/val/12814.jpg	annotations/val/12814.png
images/val/12815.jpg	annotations/val/12815.png
images/val/12816.jpg	annotations/val/12816.png
images/val/12817.jpg	annotations/val/12817.png
images/val/12818.jpg	annotations/val/12818.png
images/val/12819.jpg	annotations/val/12819.png
images/val/12820.jpg	annotations/val/12820.png
images/val/12821.jpg	annotations/val/12821.png
images/val/12822.jpg	annotations/val/12822.png
images/val/12823.jpg	annotations/val/12823.png
images/val/12824.jpg	annotations/val/12824.png
images/val/12825.jpg	annotations/val/12825.png
images/val/12826.jpg	annotations/val/12826.png
images/val/12827.jpg	annotations/val/12827.png
images/val/12828.jpg	annotations/val/12828.png
images/val/12829.jpg	annotations/val/12829.png
images/val/12830.jpg	annotations/val/12830.png
images/val/12831.jpg	annotations/val/12831.png
images/val/12832.jpg	annotations/val/12832.png
images/val/12833.jpg	annotations/val/12833.png
images/val/12834.jpg	annotations/val/12834.png
images/val/12835.jpg	annotations/val/12835.png
images/val/12836.jpg	annotations/val/12836.png
images/val/12837.jpg	annotations/val/12837.png
images/val/12838.jpg	annotations/val/12838.png
images/val/12839.jpg	annotations/val/12839.png
images/val/12840.jpg	annotations/val/12840.png
images/val/12841.jpg	annotations/val/12841.png
images/val/12842.jpg	annotations/val/12842.png
images/val/12843.jpg	annotations/val/12843.png
images/val/12844.jpg	annotations/val/12844.png
images/val/12845.jpg	annotations/val/12845.png
images/val/12846.jpg	annotations/val/12846.png
images/val/12847.jpg	annotations/val/12847.png
